[0m15:10:35.631362 [debug] [MainThread]: Sending event: {'category': 'dbt', 'action': 'invocation', 'label': 'start', 'context': [<snowplow_tracker.self_describing_json.SelfDescribingJson object at 0x106a66ed0>, <snowplow_tracker.self_describing_json.SelfDescribingJson object at 0x1095b98e0>, <snowplow_tracker.self_describing_json.SelfDescribingJson object at 0x1095b9430>]}


============================== 15:10:35.644147 | 4688ddeb-7dbd-48bf-9e03-5ec6985e7d00 ==============================
[0m15:10:35.644147 [info ] [MainThread]: Running with dbt=1.12.0
[0m15:10:35.644371 [debug] [MainThread]: running dbt with arguments {'fail_fast': 'False', 'cache_selected_only': 'False', 'indirect_selection': 'eager', 'use_experimental_parser': 'False', 'quiet': 'False', 'log_path': 'logs', 'use_colors': 'True', 'invocation_command': 'dbt init taxi_rides_ny', 'send_anonymous_usage_stats': 'True', 'write_json': 'True', 'debug': 'False', 'printer_width': '80', 'maximum_seed_size_mib': '1', 'static_parser': 'True', 'hints_enabled': 'True', 'target_path': 'None', 'warn_error_options': 'WarnErrorOptionsV2(error=[], warn=[], silence=[])', 'log_cache_events': 'False', 'partial_parse': 'True', 'introspect': 'True', 'empty': 'None', 'no_print': 'None', 'warn_error': 'None', 'version_check': 'True', 'profiles_dir': '/Users/danielpineda/.dbt', 'log_format': 'default'}
[0m15:10:35.668502 [info ] [MainThread]: Creating dbt configuration folder at /Users/danielpineda/.dbt
[0m15:10:35.669627 [debug] [MainThread]: Starter project path: /Users/danielpineda/Documents/data-engineering-zoomcamp/04-analytics-engineering/.venv/lib/python3.12/site-packages/dbt/include/starter_project
[0m15:10:35.672635 [info ] [MainThread]: Setting up your profile.
[0m15:11:04.767565 [info ] [MainThread]: Profile taxi_rides_ny written to /Users/danielpineda/.dbt/profiles.yml using target's sample configuration. Once updated, you'll be able to start developing with dbt.
[0m15:11:04.771761 [info ] [MainThread]: Running dbt debug to validate the project...
[0m15:11:04.772154 [info ] [MainThread]: dbt version: 1.12.0
[0m15:11:04.772272 [info ] [MainThread]: python version: 3.12.13
[0m15:11:04.772375 [info ] [MainThread]: python path: /Users/danielpineda/Documents/data-engineering-zoomcamp/04-analytics-engineering/.venv/bin/python3
[0m15:11:04.772462 [info ] [MainThread]: os info: macOS-26.5.2-arm64-arm-64bit
[0m15:11:04.790491 [info ] [MainThread]: Using profiles dir at /Users/danielpineda/.dbt
[0m15:11:04.795538 [info ] [MainThread]: Using profiles.yml file at /Users/danielpineda/.dbt/profiles.yml
[0m15:11:04.795715 [info ] [MainThread]: Using dbt_project.yml file at /Users/danielpineda/Documents/data-engineering-zoomcamp/04-analytics-engineering/taxi_rides_ny/dbt_project.yml
[0m15:11:04.796561 [info ] [MainThread]: adapter type: duckdb
[0m15:11:04.796738 [info ] [MainThread]: adapter version: 1.10.1
[0m15:11:04.830502 [info ] [MainThread]: Configuration:
[0m15:11:04.830707 [info ] [MainThread]:   profiles.yml file [[32mOK found and valid[0m]
[0m15:11:04.830804 [info ] [MainThread]:   dbt_project.yml file [[32mOK found and valid[0m]
[0m15:11:04.830884 [info ] [MainThread]: Required dependencies:
[0m15:11:04.831033 [debug] [MainThread]: Executing "git --help"
[0m15:11:04.842524 [debug] [MainThread]: STDOUT: "b"usage: git [-v | --version] [-h | --help] [-C <path>] [-c <name>=<value>]\n           [--exec-path[=<path>]] [--html-path] [--man-path] [--info-path]\n           [-p | --paginate | -P | --no-pager] [--no-replace-objects] [--no-lazy-fetch]\n           [--no-optional-locks] [--no-advice] [--bare] [--git-dir=<path>]\n           [--work-tree=<path>] [--namespace=<name>] [--config-env=<name>=<envvar>]\n           <command> [<args>]\n\nThese are common Git commands used in various situations:\n\nstart a working area (see also: git help tutorial)\n   clone      Clone a repository into a new directory\n   init       Create an empty Git repository or reinitialize an existing one\n\nwork on the current change (see also: git help everyday)\n   add        Add file contents to the index\n   mv         Move or rename a file, a directory, or a symlink\n   restore    Restore working tree files\n   rm         Remove files from the working tree and from the index\n\nexamine the history and state (see also: git help revisions)\n   bisect     Use binary search to find the commit that introduced a bug\n   diff       Show changes between commits, commit and working tree, etc\n   grep       Print lines matching a pattern\n   log        Show commit logs\n   show       Show various types of objects\n   status     Show the working tree status\n\ngrow, mark and tweak your common history\n   backfill   Download missing objects in a partial clone\n   branch     List, create, or delete branches\n   commit     Record changes to the repository\n   merge      Join two or more development histories together\n   rebase     Reapply commits on top of another base tip\n   reset      Reset current HEAD to the specified state\n   switch     Switch branches\n   tag        Create, list, delete or verify a tag object signed with GPG\n\ncollaborate (see also: git help workflows)\n   fetch      Download objects and refs from another repository\n   pull       Fetch from and integrate with another repository or a local branch\n   push       Update remote refs along with associated objects\n\n'git help -a' and 'git help -g' list available subcommands and some\nconcept guides. See 'git help <command>' or 'git help <concept>'\nto read about a specific subcommand or concept.\nSee 'git help git' for an overview of the system.\n""
[0m15:11:04.842874 [debug] [MainThread]: STDERR: "b''"
[0m15:11:04.842988 [info ] [MainThread]:  - git [[32mOK found[0m]

[0m15:11:04.843099 [info ] [MainThread]: Connection:
[0m15:11:04.843217 [info ] [MainThread]:   database: dev
[0m15:11:04.843300 [info ] [MainThread]:   schema: main
[0m15:11:04.843378 [info ] [MainThread]:   path: dev.duckdb
[0m15:11:04.843462 [info ] [MainThread]:   config_options: None
[0m15:11:04.843546 [info ] [MainThread]:   extensions: None
[0m15:11:04.843621 [info ] [MainThread]:   settings: {}
[0m15:11:04.843696 [info ] [MainThread]:   external_root: .
[0m15:11:04.843767 [info ] [MainThread]:   use_credential_provider: None
[0m15:11:04.843841 [info ] [MainThread]:   attach: None
[0m15:11:04.843915 [info ] [MainThread]:   filesystems: None
[0m15:11:04.843983 [info ] [MainThread]:   remote: None
[0m15:11:04.844058 [info ] [MainThread]:   plugins: None
[0m15:11:04.844132 [info ] [MainThread]:   disable_transactions: False
[0m15:11:04.844376 [info ] [MainThread]: Registered adapter: duckdb=1.10.1
[0m15:11:04.891927 [debug] [MainThread]: Acquiring new duckdb connection 'debug'
[0m15:11:04.944202 [debug] [MainThread]: Using duckdb connection "debug"
[0m15:11:04.944370 [debug] [MainThread]: On debug: select 1 as id
[0m15:11:04.944469 [debug] [MainThread]: Opening a new connection, currently in state init
[0m15:11:04.950356 [debug] [MainThread]: SQL status: OK in 0.006 seconds
[0m15:11:04.950725 [debug] [MainThread]: On debug: Close
[0m15:11:04.950875 [info ] [MainThread]:   Connection test: [[32mOK connection ok[0m]

[0m15:11:04.950986 [info ] [MainThread]: [32mAll checks passed![0m
[0m15:11:04.951143 [info ] [MainThread]: Your new dbt project "taxi_rides_ny" was created!
Initialized new project in /Users/danielpineda/Documents/data-engineering-zoomcamp/04-analytics-engineering/taxi_rides_ny/taxi_rides_ny

For more information on how to configure the profiles.yml file,
please consult the dbt documentation here:

  https://docs.getdbt.com/docs/configure-your-profile

One more thing:

Need help? Don't hesitate to reach out to us via GitHub issues or on Slack:

  https://community.getdbt.com/

Happy modeling!

[0m15:11:04.951381 [debug] [MainThread]: Resource report: {"command_name": "init", "command_success": true, "command_wall_clock_time": 29.354065, "process_in_blocks": "0", "process_kernel_time": 0.128129, "process_mem_max_rss": "165150720", "process_out_blocks": "0", "process_user_time": 0.556042}
[0m15:11:04.951581 [debug] [MainThread]: Command `dbt init` succeeded at 15:11:04.951541 after 29.35 seconds
[0m15:11:04.951701 [debug] [MainThread]: Connection 'debug' was properly closed.
[0m15:11:04.951845 [debug] [MainThread]: Sending event: {'category': 'dbt', 'action': 'invocation', 'label': 'end', 'context': [<snowplow_tracker.self_describing_json.SelfDescribingJson object at 0x1098e2180>, <snowplow_tracker.self_describing_json.SelfDescribingJson object at 0x1098e30b0>, <snowplow_tracker.self_describing_json.SelfDescribingJson object at 0x1098e2420>]}
[0m15:11:04.952019 [debug] [MainThread]: Flushing usage events
[0m15:11:05.550581 [debug] [MainThread]: An error was encountered while trying to flush usage events
[0m16:47:03.287261 [debug] [MainThread]: Sending event: {'category': 'dbt', 'action': 'invocation', 'label': 'start', 'context': [<snowplow_tracker.self_describing_json.SelfDescribingJson object at 0x109030980>, <snowplow_tracker.self_describing_json.SelfDescribingJson object at 0x109a4dbe0>, <snowplow_tracker.self_describing_json.SelfDescribingJson object at 0x109a4d6d0>]}


============================== 16:47:03.289888 | feefcfc3-cbd3-474c-a6f3-d50390c47514 ==============================
[0m16:47:03.289888 [info ] [MainThread]: Running with dbt=1.12.0
[0m16:47:03.290125 [debug] [MainThread]: running dbt with arguments {'version_check': 'True', 'no_print': 'None', 'debug': 'False', 'static_parser': 'True', 'fail_fast': 'False', 'cache_selected_only': 'False', 'use_experimental_parser': 'False', 'introspect': 'True', 'quiet': 'False', 'log_path': 'logs', 'log_cache_events': 'False', 'log_format': 'default', 'empty': 'None', 'indirect_selection': 'eager', 'target_path': 'None', 'use_colors': 'True', 'write_json': 'True', 'invocation_command': 'dbt parse', 'send_anonymous_usage_stats': 'True', 'warn_error': 'None', 'hints_enabled': 'True', 'maximum_seed_size_mib': '1', 'partial_parse': 'True', 'warn_error_options': 'WarnErrorOptionsV2(error=[], warn=[], silence=[])', 'profiles_dir': '/Users/danielpineda/.dbt', 'printer_width': '80'}
[0m16:47:03.290349 [error] [MainThread]: [[31mERROR[0m]: Encountered an error:
Runtime Error
  No dbt_project.yml found at expected path /Users/danielpineda/Documents/data-engineering-zoomcamp/04-analytics-engineering/dbt_project.yml
  Verify that each entry within packages.yml (and their transitive dependencies) contains a file named dbt_project.yml
  
[0m16:47:03.290585 [debug] [MainThread]: Resource report: {"command_name": "parse", "command_success": false, "command_wall_clock_time": 0.033923168, "process_in_blocks": "0", "process_kernel_time": 0.083625, "process_mem_max_rss": "116686848", "process_out_blocks": "0", "process_user_time": 0.450582}
[0m16:47:03.290762 [debug] [MainThread]: Command `dbt parse` failed at 16:47:03.290734 after 0.03 seconds
[0m16:47:03.290874 [debug] [MainThread]: Sending event: {'category': 'dbt', 'action': 'invocation', 'label': 'end', 'context': [<snowplow_tracker.self_describing_json.SelfDescribingJson object at 0x109a4db20>, <snowplow_tracker.self_describing_json.SelfDescribingJson object at 0x109a4db50>, <snowplow_tracker.self_describing_json.SelfDescribingJson object at 0x109a4f680>]}
[0m16:47:03.290981 [debug] [MainThread]: Flushing usage events
[0m16:47:03.699813 [debug] [MainThread]: An error was encountered while trying to flush usage events
[0m17:34:33.778321 [debug] [MainThread]: Sending event: {'category': 'dbt', 'action': 'invocation', 'label': 'start', 'context': [<snowplow_tracker.self_describing_json.SelfDescribingJson object at 0x10c539cd0>, <snowplow_tracker.self_describing_json.SelfDescribingJson object at 0x10d737110>, <snowplow_tracker.self_describing_json.SelfDescribingJson object at 0x10d736c00>]}


============================== 17:34:33.782492 | 726251fc-7a4c-4991-a720-b93101b7561f ==============================
[0m17:34:33.782492 [info ] [MainThread]: Running with dbt=1.12.0
[0m17:34:33.782733 [debug] [MainThread]: running dbt with arguments {'partial_parse': 'True', 'invocation_command': 'dbt show --select stg_green_tripdata --limit 20', 'use_experimental_parser': 'False', 'version_check': 'True', 'maximum_seed_size_mib': '1', 'send_anonymous_usage_stats': 'True', 'cache_selected_only': 'False', 'target_path': 'None', 'no_print': 'None', 'static_parser': 'True', 'empty': 'None', 'use_colors': 'True', 'printer_width': '80', 'warn_error_options': 'WarnErrorOptionsV2(error=[], warn=[], silence=[])', 'fail_fast': 'False', 'write_json': 'True', 'log_path': 'logs', 'indirect_selection': 'eager', 'introspect': 'True', 'debug': 'False', 'warn_error': 'None', 'quiet': 'False', 'hints_enabled': 'True', 'log_cache_events': 'False', 'profiles_dir': '/Users/danielpineda/.dbt', 'log_format': 'default'}
[0m17:34:33.782936 [error] [MainThread]: [[31mERROR[0m]: Encountered an error:
Runtime Error
  No dbt_project.yml found at expected path /Users/danielpineda/Documents/data-engineering-zoomcamp/04-analytics-engineering/dbt_project.yml
  Verify that each entry within packages.yml (and their transitive dependencies) contains a file named dbt_project.yml
  
[0m17:34:33.783152 [debug] [MainThread]: Resource report: {"command_name": "show", "command_success": false, "command_wall_clock_time": 0.03206379, "process_in_blocks": "0", "process_kernel_time": 0.065917, "process_mem_max_rss": "116850688", "process_out_blocks": "0", "process_user_time": 0.440078}
[0m17:34:33.783301 [debug] [MainThread]: Command `dbt show` failed at 17:34:33.783272 after 0.03 seconds
[0m17:34:33.783406 [debug] [MainThread]: Sending event: {'category': 'dbt', 'action': 'invocation', 'label': 'end', 'context': [<snowplow_tracker.self_describing_json.SelfDescribingJson object at 0x10c96be00>, <snowplow_tracker.self_describing_json.SelfDescribingJson object at 0x10c5d1e20>, <snowplow_tracker.self_describing_json.SelfDescribingJson object at 0x10c5d30b0>]}
[0m17:34:33.783505 [debug] [MainThread]: Flushing usage events
[0m17:34:34.134454 [debug] [MainThread]: An error was encountered while trying to flush usage events
